{"event": "dataset_cache_hit", "path": "results/track_b_value_head_retrain_20260609/seed256_gpu6/dataset_cache/track_b_trm_seed256_train4096_eval512_l4128.pt"}
{"event": "trm_operator_train", "step": 1, "steps": 3000, "loss": 28.046926498413086, "forced_mask_loss": 0.22128456830978394, "value_loss": 18.714622497558594, "forced_precision": 0.020833333333333332, "forced_recall": 0.02074688796680498, "G1_forced_fixpoint": null, "G2_forced_l4_solve": null, "progress_eval_episodes": 0, "tau": 0.0, "steps_per_sec": 0.3248978545970605, "examples_per_sec": 665.3908062147799, "gpu_util": 40.0, "gpu_util_snapshot": {"n_gpus": 1, "mean_utilization_gpu_percent": 40.0, "per_gpu": {"0": {"utilization_gpu_percent": 40.0, "memory_used_mib": 20869.0}}}}
{"event": "trm_operator_train", "step": 500, "steps": 3000, "loss": 9.730854034423828, "forced_mask_loss": 0.2236122339963913, "value_loss": 0.26262980699539185, "forced_precision": 0.8625, "forced_recall": 0.8589211618257261, "G1_forced_fixpoint": null, "G2_forced_l4_solve": null, "progress_eval_episodes": 0, "tau": 0.0, "steps_per_sec": 4.3352116779401255, "examples_per_sec": 8878.513516421377, "gpu_util": 61.0, "gpu_util_snapshot": {"n_gpus": 1, "mean_utilization_gpu_percent": 61.0, "per_gpu": {"0": {"utilization_gpu_percent": 61.0, "memory_used_mib": 20869.0}}}}
{"event": "trm_operator_train", "step": 1000, "steps": 3000, "loss": 9.520280838012695, "forced_mask_loss": 0.22184714674949646, "value_loss": 0.05337541922926903, "forced_precision": 0.8666666666666667, "forced_recall": 0.8630705394190872, "G1_forced_fixpoint": null, "G2_forced_l4_solve": null, "progress_eval_episodes": 0, "tau": 0.0, "steps_per_sec": 4.652876117927286, "examples_per_sec": 9529.090289515081, "gpu_util": 100.0, "gpu_util_snapshot": {"n_gpus": 1, "mean_utilization_gpu_percent": 100.0, "per_gpu": {"0": {"utilization_gpu_percent": 100.0, "memory_used_mib": 20869.0}}}}
{"event": "trm_operator_train", "step": 1500, "steps": 3000, "loss": 9.655871391296387, "forced_mask_loss": 0.22673045098781586, "value_loss": 0.03240322321653366, "forced_precision": 0.8708333333333333, "forced_recall": 0.8672199170124482, "G1_forced_fixpoint": null, "G2_forced_l4_solve": null, "progress_eval_episodes": 0, "tau": 0.0, "steps_per_sec": 4.421974579501084, "examples_per_sec": 9056.20393881822, "gpu_util": 100.0, "gpu_util_snapshot": {"n_gpus": 1, "mean_utilization_gpu_percent": 100.0, "per_gpu": {"0": {"utilization_gpu_percent": 100.0, "memory_used_mib": 20869.0}}}}
{"event": "trm_operator_train", "step": 2000, "steps": 3000, "loss": 9.749529838562012, "forced_mask_loss": 0.22178056836128235, "value_loss": 0.022456500679254532, "forced_precision": 0.8708333333333333, "forced_recall": 0.8672199170124482, "G1_forced_fixpoint": null, "G2_forced_l4_solve": null, "progress_eval_episodes": 0, "tau": 0.0, "steps_per_sec": 3.79143965166635, "examples_per_sec": 7764.868406612685, "gpu_util": 100.0, "gpu_util_snapshot": {"n_gpus": 1, "mean_utilization_gpu_percent": 100.0, "per_gpu": {"0": {"utilization_gpu_percent": 100.0, "memory_used_mib": 20869.0}}}}
{"event": "trm_operator_train", "step": 2500, "steps": 3000, "loss": 9.885173797607422, "forced_mask_loss": 0.20321546494960785, "value_loss": 0.016583140939474106, "forced_precision": 0.875, "forced_recall": 0.8713692946058091, "G1_forced_fixpoint": null, "G2_forced_l4_solve": null, "progress_eval_episodes": 0, "tau": 0.0, "steps_per_sec": 4.560799531623594, "examples_per_sec": 9340.517440765121, "gpu_util": 54.0, "gpu_util_snapshot": {"n_gpus": 1, "mean_utilization_gpu_percent": 54.0, "per_gpu": {"0": {"utilization_gpu_percent": 54.0, "memory_used_mib": 20869.0}}}}
{"event": "trm_operator_train", "step": 3000, "steps": 3000, "loss": 9.734441757202148, "forced_mask_loss": 0.22389726340770721, "value_loss": 0.012657029554247856, "forced_precision": 0.875, "forced_recall": 0.8713692946058091, "G1_forced_fixpoint": null, "G2_forced_l4_solve": null, "progress_eval_episodes": 0, "tau": 0.0, "steps_per_sec": 4.775490851308959, "examples_per_sec": 9780.205263480748, "gpu_util": 100.0, "gpu_util_snapshot": {"n_gpus": 1, "mean_utilization_gpu_percent": 100.0, "per_gpu": {"0": {"utilization_gpu_percent": 100.0, "memory_used_mib": 20869.0}}}}
{
  "G1": 0.07421875,
  "G2": 0.0,
  "acceptance": {
    "G1_pass": false,
    "G1_threshold": 0.95,
    "architecture_class": "trm_per_cell_tokens",
    "autonomous_stage_a_run": false,
    "calibrated_tau": 0.0,
    "gate_or_appendix_decision": "APPENDIX_VALUE_HEAD_LEARNABILITY_FINDING_NO_SECOND_RETRAIN_NO_DAGGER_RL",
    "leading_indicator_success": true,
    "mask_only_vs_full_commit_after_value_fix": {
      "eval": {
        "commit_block_audit": {
          "unforced_cell": 1756,
          "wrong_value": 24
        },
        "full_commit_precision": 0.898064368342687,
        "full_commit_recall": 0.8849387732069296,
        "full_proposed_commits": 17462,
        "full_true_forced_states": 17721,
        "mask_only_precision": 0.8249808322297344,
        "mask_only_recall": 0.897319262493935,
        "mask_proposed_cells": 71735,
        "mask_true_cells": 65952,
        "n_examples": 18992,
        "stick_reason_histogram": {
          "commit_forced": 15682,
          "no_forced_mask_fire": 1530,
          "unforced_candidate_blocked": 1780
        }
      },
      "train": {
        "commit_block_audit": {
          "forced_mask_not_singleton": 2,
          "unforced_cell": 14574,
          "wrong_value": 364
        },
        "full_commit_precision": 0.8925671545183214,
        "full_commit_recall": 0.8804037853099329,
        "full_proposed_commits": 139045,
        "full_true_forced_states": 140966,
        "mask_only_precision": 0.820147542421579,
        "mask_only_recall": 0.8912522468544039,
        "mask_proposed_cells": 558619,
        "mask_true_cells": 514052,
        "n_examples": 152004,
        "stick_reason_histogram": {
          "commit_forced": 124107,
          "forced_mask_not_singleton": 2,
          "no_forced_mask_fire": 12957,
          "unforced_candidate_blocked": 14938
        }
      }
    },
    "no_dagger_rl": true,
    "no_second_retrain": true,
    "one_retrain_attempt": true,
    "operator_type": "learned_recurrent",
    "stage_a_autonomous_cells": 0
  },
  "architecture_class": "trm_per_cell_tokens",
  "checkpoint": "results/track_b_value_head_retrain_20260609/seed256_gpu6/trm_operator_seed256.pt",
  "dataset": {
    "eval_depth_histogram": {
      "1": 352,
      "2": 160
    },
    "eval_examples": 18992,
    "eval_instances_generated": 512,
    "eval_instances_requested": 512,
    "l4_depth_histogram": {
      "4": 55,
      "5": 36,
      "6": 30,
      "7": 2,
      "8": 5
    },
    "l4_examples": 5087,
    "l4_instances_generated": 128,
    "l4_instances_requested": 128,
    "train_depth_histogram": {
      "1": 2780,
      "2": 1316
    },
    "train_examples": 152004,
    "train_instances_generated": 4096,
    "train_instances_requested": 4096
  },
  "device": "cuda:0",
  "devices": [
    "cuda:0"
  ],
  "forced_only": {
    "G1_forced_fixpoint": {
      "depth_histogram": {
        "1": 352,
        "2": 160
      },
      "fixpoint_reach_rate": 0.07421875,
      "mean_commits": 5.955078125,
      "n_episodes": 512,
      "solve_rate": 0.0,
      "stick_reason_histogram": {
        "no_forced_mask_fire": 120,
        "stuck_no_symbolic_forced_move": 38,
        "unforced_candidate_blocked": 354
      }
    },
    "G2_forced_l4": {
      "depth_histogram": {
        "4": 55,
        "5": 36,
        "6": 30,
        "7": 2,
        "8": 5
      },
      "fixpoint_reach_rate": 0.8359375,
      "mean_commits": 1.5546875,
      "n_episodes": 128,
      "solve_rate": 0.0,
      "stick_reason_histogram": {
        "no_forced_mask_fire": 7,
        "stuck_no_symbolic_forced_move": 107,
        "unforced_candidate_blocked": 14
      }
    },
    "forced_threshold": 0.5,
    "per_step_forced_precision_recall_by_depth": [
      {
        "depth_into_solution": 10,
        "forced_precision": 1.0,
        "forced_recall": 1.0,
        "n_states": 88,
        "provenance": "measured:forced_only_commit_decision_shared_with_episode_eval"
      },
      {
        "depth_into_solution": 11,
        "forced_precision": 1.0,
        "forced_recall": 1.0,
        "n_states": 247,
        "provenance": "measured:forced_only_commit_decision_shared_with_episode_eval"
      },
      {
        "depth_into_solution": 12,
        "forced_precision": 1.0,
        "forced_recall": 1.0,
        "n_states": 401,
        "provenance": "measured:forced_only_commit_decision_shared_with_episode_eval"
      },
      {
        "depth_into_solution": 13,
        "forced_precision": 0.9977876106194691,
        "forced_recall": 0.9988925802879292,
        "n_states": 903,
        "provenance": "measured:forced_only_commit_decision_shared_with_episode_eval"
      },
      {
        "depth_into_solution": 14,
        "forced_precision": 0.9925611052072264,
        "forced_recall": 0.9957356076759062,
        "n_states": 938,
        "provenance": "measured:forced_only_commit_decision_shared_with_episode_eval"
      },
      {
        "depth_into_solution": 15,
        "forced_precision": 0.998015873015873,
        "forced_recall": 0.996039603960396,
        "n_states": 1010,
        "provenance": "measured:forced_only_commit_decision_shared_with_episode_eval"
      },
      {
        "depth_into_solution": 16,
        "forced_precision": 0.998220640569395,
        "forced_recall": 0.9991095280498664,
        "n_states": 1123,
        "provenance": "measured:forced_only_commit_decision_shared_with_episode_eval"
      },
      {
        "depth_into_solution": 17,
        "forced_precision": 0.9920634920634921,
        "forced_recall": 0.9927797833935018,
        "n_states": 1385,
        "provenance": "measured:forced_only_commit_decision_shared_with_episode_eval"
      },
      {
        "depth_into_solution": 18,
        "forced_precision": 0.9878048780487805,
        "forced_recall": 0.9860869565217392,
        "n_states": 1150,
        "provenance": "measured:forced_only_commit_decision_shared_with_episode_eval"
      },
      {
        "depth_into_solution": 19,
        "forced_precision": 0.9882478632478633,
        "forced_recall": 0.9903640256959315,
        "n_states": 934,
        "provenance": "measured:forced_only_commit_decision_shared_with_episode_eval"
      },
      {
        "depth_into_solution": 20,
        "forced_precision": 0.9884615384615385,
        "forced_recall": 0.9875120076849183,
        "n_states": 1041,
        "provenance": "measured:forced_only_commit_decision_shared_with_episode_eval"
      },
      {
        "depth_into_solution": 21,
        "forced_precision": 0.9878453038674033,
        "forced_recall": 0.9856670341786108,
        "n_states": 907,
        "provenance": "measured:forced_only_commit_decision_shared_with_episode_eval"
      },
      {
        "depth_into_solution": 22,
        "forced_precision": 0.985929648241206,
        "forced_recall": 0.9770916334661355,
        "n_states": 1004,
        "provenance": "measured:forced_only_commit_decision_shared_with_episode_eval"
      },
      {
        "depth_into_solution": 23,
        "forced_precision": 0.9708609271523179,
        "forced_recall": 0.9632063074901446,
        "n_states": 761,
        "provenance": "measured:forced_only_commit_decision_shared_with_episode_eval"
      },
      {
        "depth_into_solution": 24,
        "forced_precision": 0.9501510574018127,
        "forced_recall": 0.9501510574018127,
        "n_states": 662,
        "provenance": "measured:forced_only_commit_decision_shared_with_episode_eval"
      },
      {
        "depth_into_solution": 25,
        "forced_precision": 0.9089147286821705,
        "forced_recall": 0.8916349809885932,
        "n_states": 526,
        "provenance": "measured:forced_only_commit_decision_shared_with_episode_eval"
      },
      {
        "depth_into_solution": 26,
        "forced_precision": 0.8856548856548857,
        "forced_recall": 0.8893528183716075,
        "n_states": 479,
        "provenance": "measured:forced_only_commit_decision_shared_with_episode_eval"
      },
      {
        "depth_into_solution": 27,
        "forced_precision": 0.8914405010438413,
        "forced_recall": 0.8822314049586777,
        "n_states": 484,
        "provenance": "measured:forced_only_commit_decision_shared_with_episode_eval"
      },
      {
        "depth_into_solution": 28,
        "forced_precision": 0.8552631578947368,
        "forced_recall": 0.7942973523421588,
        "n_states": 491,
        "provenance": "measured:forced_only_commit_decision_shared_with_episode_eval"
      },
      {
        "depth_into_solution": 29,
        "forced_precision": 0.7867298578199052,
        "forced_recall": 0.649706457925636,
        "n_states": 511,
        "provenance": "measured:forced_only_commit_decision_shared_with_episode_eval"
      },
      {
        "depth_into_solution": 30,
        "forced_precision": 0.6072351421188631,
        "forced_recall": 0.4906054279749478,
        "n_states": 479,
        "provenance": "measured:forced_only_commit_decision_shared_with_episode_eval"
      },
      {
        "depth_into_solution": 31,
        "forced_precision": 0.5052910052910053,
        "forced_recall": 0.373046875,
        "n_states": 512,
        "provenance": "measured:forced_only_commit_decision_shared_with_episode_eval"
      },
      {
        "depth_into_solution": 32,
        "forced_precision": 0.260989010989011,
        "forced_recall": 0.6375838926174496,
        "n_states": 149,
        "provenance": "measured:forced_only_commit_decision_shared_with_episode_eval"
      },
      {
        "depth_into_solution": 33,
        "forced_precision": 0.8620689655172413,
        "forced_recall": 0.78125,
        "n_states": 512,
        "provenance": "measured:forced_only_commit_decision_shared_with_episode_eval"
      },
      {
        "depth_into_solution": 34,
        "forced_precision": 0.5661538461538461,
        "forced_recall": 0.359375,
        "n_states": 512,
        "provenance": "measured:forced_only_commit_decision_shared_with_episode_eval"
      },
      {
        "depth_into_solution": 35,
        "forced_precision": 0.4123076923076923,
        "forced_recall": 0.26171875,
        "n_states": 512,
        "provenance": "measured:forced_only_commit_decision_shared_with_episode_eval"
      },
      {
        "depth_into_solution": 36,
        "forced_precision": 0.0,
        "forced_recall": 0.0,
        "n_states": 0,
        "provenance": "measured:forced_only_commit_decision_shared_with_episode_eval"
      }
    ],
    "single_step_forced_precision": 0.898064368342687,
    "single_step_forced_recall": 0.8849387732069296,
    "tau_calibration": {
      "candidate_rows": [
        {
          "f1": 0.8792472556194458,
          "forced_precision": 0.8815513626834381,
          "forced_recall": 0.8769551616266945,
          "tau": 0.0
        },
        {
          "f1": 0.24262847514743052,
          "forced_precision": 0.631578947368421,
          "forced_recall": 0.15015641293013557,
          "tau": 0.02
        },
        {
          "f1": 0.15992812219227312,
          "forced_precision": 0.577922077922078,
          "forced_recall": 0.09280500521376434,
          "tau": 0.05
        },
        {
          "f1": 0.10684161199625115,
          "forced_precision": 0.5277777777777778,
          "forced_recall": 0.05943691345151199,
          "tau": 0.1
        },
        {
          "f1": 0.06413994169096211,
          "forced_precision": 0.4714285714285714,
          "forced_recall": 0.03441084462982273,
          "tau": 0.2
        },
        {
          "f1": 0.028397565922920892,
          "forced_precision": 0.5185185185185185,
          "forced_recall": 0.014598540145985401,
          "tau": 0.4
        },
        {
          "f1": 0.016546018614270942,
          "forced_precision": 1.0,
          "forced_recall": 0.008342022940563087,
          "tau": 0.8
        },
        {
          "f1": 0.0,
          "forced_precision": 0.0,
          "forced_recall": 0.0,
          "tau": 1.2
        }
      ],
      "selected_tau": 0.0,
      "selection_rule": "max_f1_then_precision_then_recall_on_val_forced_single_step"
    }
  },
  "generated_at": "2026-06-09T04:53:01.200612+00:00",
  "honesty": {
    "does_not_establish": "Track B acceptance is per-seed learned-operator evidence only. It does not become Stage A evidence unless a later run consumes the checkpoint and reports operator=learned_recurrent autonomous cells side by side with Track A."
  },
  "legacy_single_step_joint": {
    "G1_joint_accuracy": 0.22704296545914068,
    "G2_joint_accuracy": 0.39492824847650876,
    "note": "legacy diagnostic only; acceptance uses forced-only episode semantics"
  },
  "module": "train_trm_operator",
  "operator_type": "learned_recurrent",
  "parameter_count": 6908685,
  "recipe": {
    "amp_bf16": true,
    "commit_function": "experiments.train_recurrent_operator.forced_only_commit_decision",
    "dataset_cache": "results/track_b_value_head_retrain_20260609/seed256_gpu6/dataset_cache/track_b_trm_seed256_train4096_eval512_l4128.pt",
    "digit_augmentation": true,
    "distributed_data_parallel": false,
    "ema_recorded": true,
    "focal_gamma": 2.0,
    "forced_loss": "focal",
    "forced_only_commit_semantics": true,
    "forced_pos_weight": {
      "negative_cells": 4958092.0,
      "pos_weight": 9.645117614560395,
      "positive_cells": 514052.0,
      "source": "auto_neg_over_pos"
    },
    "fuse": {
      "enabled": false,
      "min_loss_drop": 0.01,
      "status": "DISABLED",
      "step": 0
    },
    "gpu_resident_batches": true,
    "init_checkpoint": "results/track_b_trm_retry_seed102_ddp8_sharded_20260608T114308Z/seed102_ddp8/trm_operator_seed102.pt",
    "parameter_count_gate": {
      "max": 8000000,
      "min": 5000000,
      "parameter_count": 6908685,
      "passed": true
    },
    "per_cell_tokens": true,
    "per_recurrence_deep_supervision": true,
    "progress_eval_episodes": 0,
    "red_lines": [
      "no_trm_checkpoint",
      "no_sudoku_extreme",
      "repo_local_l1_l2_banded_only"
    ],
    "token_features": [
      "candidate_set_bitmask",
      "given_flag",
      "row_id",
      "col_id",
      "box_id"
    ],
    "torch_compile": true,
    "train_value_head_only": true,
    "trained_on_depths": "L1-L2_only",
    "trm_class": true,
    "value_head_mode": "per_cell",
    "weight_tied_transformer": true
  },
  "seed": 256,
  "source": "track_b_trm_class_training_run",
  "status": "G1_NOT_MET",
  "trainable_parameter_count": 2310,
  "training_curve_summary": {
    "amp_bf16": true,
    "batch_size": 2048,
    "completed_step": 3000,
    "data_parallel_devices": [],
    "distributed_data_parallel_devices": [],
    "episode_workers": 4,
    "eval_every": 500,
    "generation_workers": 4,
    "gpu_resident_batches": true,
    "history": [
      {
        "G1_forced_fixpoint": null,
        "G2_forced_l4_solve": null,
        "examples_per_sec": 665.3908062147799,
        "forced_mask_loss": 0.22128456830978394,
        "forced_precision": 0.020833333333333332,
        "forced_recall": 0.02074688796680498,
        "gpu_util": 40.0,
        "gpu_util_snapshot": {
          "mean_utilization_gpu_percent": 40.0,
          "n_gpus": 1,
          "per_gpu": {
            "0": {
              "memory_used_mib": 20869.0,
              "utilization_gpu_percent": 40.0
            }
          }
        },
        "loss": 28.046926498413086,
        "progress_eval_episodes": 0,
        "step": 1,
        "steps": 3000,
        "steps_per_sec": 0.3248978545970605,
        "tau": 0.0,
        "value_loss": 18.714622497558594
      },
      {
        "G1_forced_fixpoint": null,
        "G2_forced_l4_solve": null,
        "examples_per_sec": 8878.513516421377,
        "forced_mask_loss": 0.2236122339963913,
        "forced_precision": 0.8625,
        "forced_recall": 0.8589211618257261,
        "gpu_util": 61.0,
        "gpu_util_snapshot": {
          "mean_utilization_gpu_percent": 61.0,
          "n_gpus": 1,
          "per_gpu": {
            "0": {
              "memory_used_mib": 20869.0,
              "utilization_gpu_percent": 61.0
            }
          }
        },
        "loss": 9.730854034423828,
        "progress_eval_episodes": 0,
        "step": 500,
        "steps": 3000,
        "steps_per_sec": 4.3352116779401255,
        "tau": 0.0,
        "value_loss": 0.26262980699539185
      },
      {
        "G1_forced_fixpoint": null,
        "G2_forced_l4_solve": null,
        "examples_per_sec": 9529.090289515081,
        "forced_mask_loss": 0.22184714674949646,
        "forced_precision": 0.8666666666666667,
        "forced_recall": 0.8630705394190872,
        "gpu_util": 100.0,
        "gpu_util_snapshot": {
          "mean_utilization_gpu_percent": 100.0,
          "n_gpus": 1,
          "per_gpu": {
            "0": {
              "memory_used_mib": 20869.0,
              "utilization_gpu_percent": 100.0
            }
          }
        },
        "loss": 9.520280838012695,
        "progress_eval_episodes": 0,
        "step": 1000,
        "steps": 3000,
        "steps_per_sec": 4.652876117927286,
        "tau": 0.0,
        "value_loss": 0.05337541922926903
      },
      {
        "G1_forced_fixpoint": null,
        "G2_forced_l4_solve": null,
        "examples_per_sec": 9056.20393881822,
        "forced_mask_loss": 0.22673045098781586,
        "forced_precision": 0.8708333333333333,
        "forced_recall": 0.8672199170124482,
        "gpu_util": 100.0,
        "gpu_util_snapshot": {
          "mean_utilization_gpu_percent": 100.0,
          "n_gpus": 1,
          "per_gpu": {
            "0": {
              "memory_used_mib": 20869.0,
              "utilization_gpu_percent": 100.0
            }
          }
        },
        "loss": 9.655871391296387,
        "progress_eval_episodes": 0,
        "step": 1500,
        "steps": 3000,
        "steps_per_sec": 4.421974579501084,
        "tau": 0.0,
        "value_loss": 0.03240322321653366
      },
      {
        "G1_forced_fixpoint": null,
        "G2_forced_l4_solve": null,
        "examples_per_sec": 7764.868406612685,
        "forced_mask_loss": 0.22178056836128235,
        "forced_precision": 0.8708333333333333,
        "forced_recall": 0.8672199170124482,
        "gpu_util": 100.0,
        "gpu_util_snapshot": {
          "mean_utilization_gpu_percent": 100.0,
          "n_gpus": 1,
          "per_gpu": {
            "0": {
              "memory_used_mib": 20869.0,
              "utilization_gpu_percent": 100.0
            }
          }
        },
        "loss": 9.749529838562012,
        "progress_eval_episodes": 0,
        "step": 2000,
        "steps": 3000,
        "steps_per_sec": 3.79143965166635,
        "tau": 0.0,
        "value_loss": 0.022456500679254532
      },
      {
        "G1_forced_fixpoint": null,
        "G2_forced_l4_solve": null,
        "examples_per_sec": 9340.517440765121,
        "forced_mask_loss": 0.20321546494960785,
        "forced_precision": 0.875,
        "forced_recall": 0.8713692946058091,
        "gpu_util": 54.0,
        "gpu_util_snapshot": {
          "mean_utilization_gpu_percent": 54.0,
          "n_gpus": 1,
          "per_gpu": {
            "0": {
              "memory_used_mib": 20869.0,
              "utilization_gpu_percent": 54.0
            }
          }
        },
        "loss": 9.885173797607422,
        "progress_eval_episodes": 0,
        "step": 2500,
        "steps": 3000,
        "steps_per_sec": 4.560799531623594,
        "tau": 0.0,
        "value_loss": 0.016583140939474106
      },
      {
        "G1_forced_fixpoint": null,
        "G2_forced_l4_solve": null,
        "examples_per_sec": 9780.205263480748,
        "forced_mask_loss": 0.22389726340770721,
        "forced_precision": 0.875,
        "forced_recall": 0.8713692946058091,
        "gpu_util": 100.0,
        "gpu_util_snapshot": {
          "mean_utilization_gpu_percent": 100.0,
          "n_gpus": 1,
          "per_gpu": {
            "0": {
              "memory_used_mib": 20869.0,
              "utilization_gpu_percent": 100.0
            }
          }
        },
        "loss": 9.734441757202148,
        "progress_eval_episodes": 0,
        "step": 3000,
        "steps": 3000,
        "steps_per_sec": 4.775490851308959,
        "tau": 0.0,
        "value_loss": 0.012657029554247856
      }
    ],
    "lr": 0.001,
    "min_steps": 0,
    "per_rank_batch_size": 2048,
    "progress_eval_episodes": 0,
    "progress_jsonl": "results/track_b_value_head_retrain_20260609/seed256_gpu6/progress.jsonl",
    "steps": 3000,
    "tensorize_workers": 4,
    "torch_compile": true,
    "world_size": 1
  },
  "value_head_fix": {
    "calibrated_tau": 0.0,
    "decision": "APPENDIX_VALUE_HEAD_LEARNABILITY_FINDING_NO_SECOND_RETRAIN_NO_DAGGER_RL",
    "eval_mask_only_vs_full_commit": {
      "commit_block_audit": {
        "unforced_cell": 1756,
        "wrong_value": 24
      },
      "full_commit_precision": 0.898064368342687,
      "full_commit_recall": 0.8849387732069296,
      "full_proposed_commits": 17462,
      "full_true_forced_states": 17721,
      "mask_only_precision": 0.8249808322297344,
      "mask_only_recall": 0.897319262493935,
      "mask_proposed_cells": 71735,
      "mask_true_cells": 65952,
      "n_examples": 18992,
      "stick_reason_histogram": {
        "commit_forced": 15682,
        "no_forced_mask_fire": 1530,
        "unforced_candidate_blocked": 1780
      }
    },
    "leading_indicator_success": true,
    "leading_indicator_target": "full_commit P/R should climb toward mask-only P/R (~0.85)",
    "train_mask_only_vs_full_commit": {
      "commit_block_audit": {
        "forced_mask_not_singleton": 2,
        "unforced_cell": 14574,
        "wrong_value": 364
      },
      "full_commit_precision": 0.8925671545183214,
      "full_commit_recall": 0.8804037853099329,
      "full_proposed_commits": 139045,
      "full_true_forced_states": 140966,
      "mask_only_precision": 0.820147542421579,
      "mask_only_recall": 0.8912522468544039,
      "mask_proposed_cells": 558619,
      "mask_true_cells": 514052,
      "n_examples": 152004,
      "stick_reason_histogram": {
        "commit_forced": 124107,
        "forced_mask_not_singleton": 2,
        "no_forced_mask_fire": 12957,
        "unforced_candidate_blocked": 14938
      }
    }
  }
}
